minishell: cd does_not_exist
minishell: echo $?
1
minishell: cd tests
minishell: echo $?
1
minishell: /bin/pwd
/home/jsk8/git_repo/projet_42/M_3/minishell-tikawahukwa/tests
minishell: cd ../../../../../../
minishell: echo $?
0
minishell: /bin/pwd
/home
minishell: cd
minishell: echo $?
0
minishell: /bin/pwd
/home/jsk8
minishell: exit 0
exit
