1
1
/home/jsk8/git_repo/projet_42/M_3/minishell-tikawahukwa/tests
0
/home
0
/home/jsk8
