token1 token2 token3
token1 token2 token3token1 token2 token3token1 token2 token3
token1    token2     token3
token1    token2     token3token1    token2     token3token1    token2     token3
token1 token2 token1 token2 token1 token2
token1 token2 token1 token2token1 token2
token1 token2 token1 token2 token1 token2
token1 token2 token1 token2 token1 token2
token1 token2 token1 token2 token1 token2
token1 token2 token1 token2 token1 token2
token1 token2 token1 token2 token1 token2
token1 token2 token1 token2 token1 token2
token1 token2token1 token2token1 token2
token1 token2token1 token2token1 token2
token1 token2token1 token2 token1 token2
fail
token1 token2 token1 token2 token1 token2
token1 token2 token1 token2 token1 token2
jsk8$USERjsk8$USERtestjsk8


jsk8$
$
$+
j
