minishell: export multiple_tokens="token1    token2     token3"
minishell: export space_token1=" token1 token2 "
minishell: export space_token2=" token1 token2"
minishell: export space_token3="token1 token2 "
minishell: export space_token4="token1 token2"
minishell: 
minishell: echo $multiple_tokens
token1    token2     token3
minishell: echo $multiple_tokens$multiple_tokens$multiple_tokens
token1    token2     token3token1    token2     token3token1    token2     token3
minishell: echo "$multiple_tokens"
token1    token2     token3
minishell: echo "$multiple_tokens$multiple_tokens$multiple_tokens"
token1    token2     token3token1    token2     token3token1    token2     token3
minishell: echo $space_token1$space_token1$space_token1
 token1 token2  token1 token2  token1 token2 
minishell: echo $space_token1$space_token2$space_token3
 token1 token2  token1 token2token1 token2 
minishell: echo $space_token3$space_token2$space_token1
token1 token2  token1 token2 token1 token2 
minishell: echo $space_token3$space_token1$space_token2
token1 token2  token1 token2  token1 token2
minishell: echo $space_token2$space_token1$space_token3
 token1 token2 token1 token2 token1 token2 
minishell: echo $space_token2$space_token2$space_token2
 token1 token2 token1 token2 token1 token2
minishell: echo $space_token3$space_token3$space_token3
token1 token2 token1 token2 token1 token2 
minishell: echo $space_token1$space_token1$space_token1
 token1 token2  token1 token2  token1 token2 
minishell: echo $space_token2$space_token4$space_token3
 token1 token2token1 token2token1 token2 
minishell: echo $space_token4$space_token4$space_token4
token1 token2token1 token2token1 token2
minishell: echo $space_token4$space_token3$space_token4
token1 token2token1 token2 token1 token2
minishell: echo fail
fail
minishell: echo $space_token1$space_token4$space_token1
 token1 token2 token1 token2 token1 token2 
minishell: echo $space_token1$var$space_token4$var$space_token1
 token1 token2 token1 token2 token1 token2 
minishell: echo $USER$var\$USER$USER\$USERtest$USER
jsk8jsk8jsk8jsk8
minishell: 
minishell: echo $var_unset

minishell: echo "$var_unset"

minishell: 
minishell: echo $USER$
jsk8$
minishell: echo $
$
minishell: echo $+
$+
minishell: export hello="   "
minishell: echo $hello j
    j
minishell: exit
