minishell: /bin/echo "hello    wooorld"
hello    wooorld
minishell: /bin/echo "hel|lo   ;wooorld;"
hel|lo   ;wooorld;
minishell: /bin/echo "h\el\|lo   \;woo\orld;"
h\el\|lo   \;woo\orld;
minishell: /bin/echo "'yoooo'"
'yoooo'
minishell: /bin/echo "'yoooo\'"
'yoooo\'
minishell: /bin/echo "'yoooo tok\en\5'\""
minishell: /bin/echo "one      big     token"
one      big     token
minishell: /bin/echo "one      big     token""hello"
one      big     tokenhello
minishell: /bin/echo hi"one      big     token"hello
hione      big     tokenhello
minishell: exit 0
exit
