hello    wooorld
hel|lo   ;wooorld;
h\el\|lo   \;woo\orld;
'yoooo'
'yoooo\'
'yoooo tok\en\5'"
one      big     token
one      big     tokenhello
hione      big     tokenhello
