minishell: echo hello    world
hello world
minishell: echo "hello   world"
hello   world
minishell: echo ce test vas marcher
ce test vas marcher
minishell: echo -n pas de retour a la ligne
-n pas de retour a la ligneminishell: echo -nnnnnnnnn rien a dire
-nnnnnnnnn rien a direminishell: echo -nnnnn -n -n -nnnn bizare mais OK
-nnnnn -n -n -nnnn bizare mais OKminishell: echo -nnnnn -nnnnnnm carrement chelouuuu
-nnnnn -nnnnnnm carrement chelouuuuminishell: echo -nnnnn -nnnnnnm tordu -n hello
-nnnnn -nnnnnnm tordu -n hellominishell: exit 0
exit
