hello world
hello   world
ce test vas marcher
pas de retour a la lignerien a direbizare mais OK-nnnnnnm carrement chelouuuu-nnnnnnm tordu -n hello