hi
hi tmatis
hi tmatis
declare -x var1="hi tmatis"
declare -x var_unset

set now
var_unset=set now

yoyo
yo
yo echo log
var6=yo
declare -x noassign
