minishell: echo hello | exit 12
exit
minishell: echo $?
12
minishell: echo hello | exit 0
exit
minishell: echo $?
0
minishell: echo hello | exit 255
exit
minishell: echo $?
255
minishell: echo hello | exit 90000000
exit
minishell: exit 0
exit
