create dir
cd dir
/home/jsk8/git_repo/projet_42/M_3/minishell-tikawahukwa/tests/sandbox
file
hello world
file
hello world
hello france
file1
file2
file3
hi
