minishell: echo "echo hello" | ../minishell
minishell: echo hello
hello
minishell: exit
minishell: exit
