crash_test.sh
diffs
logs
malloc_fail
malloc_test.sh
outs
parts
sandbox
test.sh
0
2
1
127
126
