minishell: /bin/ls
crash_test.sh
diffs
logs
malloc_fail
malloc_test.sh
outs
parts
sandbox
test.sh
minishell: echo $?
0
minishell: /bin/ls ./doesnotexit
minishell: echo $?
2
minishell: /bin/cat ./donotexit
minishell: echo $?
1
minishell: notacommand
minishell: echo $?
127
minishell: parts/
minishell: echo $?
126
minishell: exit 0
exit
