hello
Bonjouuuur
yoooo
Bonjouuuur
Bonjouuuur
0
hello

world
Bonjouuuur
1
