minishell: /bin/echo hello;
hello;
minishell: /bin/echo Bonjouuuur; /bin/echo yoooo
Bonjouuuur; /bin/echo yoooo
minishell: /bin/echo Bonjouuuur; /bin/cat yoooo ; /bin/echo Bonjouuuur
Bonjouuuur; /bin/cat yoooo ; /bin/echo Bonjouuuur
minishell: echo $?
0
minishell: echo hello ; echo $LS ; echo world
hello ; echo ; echo world
minishell: /bin/echo Bonjouuuur  ;/bin/cat yoooo
Bonjouuuur ;/bin/cat yoooo
minishell: echo $?
0
minishell: exit 0
exit
