minishell: export hello=yo
minishell: export | grep hello
declare -x hello="yo"
minishell: env | grep hello
hello=yo
minishell: unset hello
minishell: export | grep hello
minishell: env | grep hello
minishell: export var1
minishell: unset var1
minishell: export var2=yolo var3=yolo
minishell: unset var2 var3
minishell: export | grep var2
minishell: export | grep var3
minishell: exit 0
exit
